This file contains any messages produced by compilers while
running configure, to aid debugging if configure makes a mistake.

It was created by configure, which was
generated by GNU Autoconf 2.64.  Invocation command line was

  $ ../binutils-2.21.1/configure --target=tic54x-coff --disable-werror --disable-nls --disable-gdb --disable-gas --disable-ld --disable-gold --disable-gprof --disable-sim MAKEINFO=true CFLAGS=-O1 -w -std=gnu89

## --------- ##
## Platform. ##
## --------- ##

hostname = legion
uname -m = x86_64
uname -r = 6.8.0-146-generic
uname -s = Linux
uname -v = #146-Ubuntu SMP PREEMPT_DYNAMIC Thu Sep  3 16:12:30 UTC 2026

/usr/bin/uname -p = x86_64
/bin/uname -X     = unknown

/bin/arch              = x86_64
/usr/bin/arch -k       = unknown
/usr/convex/getsysinfo = unknown
/usr/bin/hostinfo      = unknown
/bin/machine           = unknown
/usr/bin/oslevel       = unknown
/bin/universe          = unknown

PATH: /root/.local/bin
PATH: /root/.env/bin
PATH: /usr/local/sbin
PATH: /usr/local/bin
PATH: /usr/bin
PATH: /bin
PATH: /usr/sbin
PATH: /sbin


## ----------- ##
## Core tests. ##
## ----------- ##

configure:2197: checking build system type
configure:2211: result: x86_64-unknown-linux-gnu
configure:2258: checking host system type
configure:2271: result: x86_64-unknown-linux-gnu
configure:2291: checking target system type
configure:2304: result: tic54x-unknown-coff
configure:2358: checking for a BSD-compatible install
configure:2426: result: /usr/bin/install -c
configure:2437: checking whether ln works
configure:2459: result: yes
configure:2463: checking whether ln -s works
configure:2467: result: yes
configure:2474: checking for a sed that does not truncate output
configure:2538: result: /usr/bin/sed
configure:2547: checking for gawk
configure:2577: result: no
configure:2547: checking for mawk
configure:2563: found /usr/bin/mawk
configure:2574: result: mawk
configure:2920: WARNING: neither ld nor gold are enabled
configure:3858: checking for gcc
configure:3874: found /usr/bin/gcc
configure:3885: result: gcc
configure:4114: checking for C compiler version
configure:4123: gcc --version >&5
gcc (Ubuntu 13.3.0-6ubuntu2~24.04.1) 13.3.0
Copyright (C) 2023 Free Software Foundation, Inc.
This is free software; see the source for copying conditions.  There is NO
warranty; not even for MERCHANTABILITY or FITNESS FOR A PARTICULAR PURPOSE.

configure:4134: $? = 0
configure:4123: gcc -v >&5
Using built-in specs.
COLLECT_GCC=gcc
COLLECT_LTO_WRAPPER=/usr/libexec/gcc/x86_64-linux-gnu/13/lto-wrapper
OFFLOAD_TARGET_NAMES=nvptx-none:amdgcn-amdhsa
OFFLOAD_TARGET_DEFAULT=1
Target: x86_64-linux-gnu
Configured with: ../src/configure -v --with-pkgversion='Ubuntu 13.3.0-6ubuntu2~24.04.1' --with-bugurl=file:///usr/share/doc/gcc-13/README.Bugs --enable-languages=c,ada,c++,go,d,fortran,objc,obj-c++,m2 --prefix=/usr --with-gcc-major-version-only --program-suffix=-13 --program-prefix=x86_64-linux-gnu- --enable-shared --enable-linker-build-id --libexecdir=/usr/libexec --without-included-gettext --enable-threads=posix --libdir=/usr/lib --enable-nls --enable-bootstrap --enable-clocale=gnu --enable-libstdcxx-debug --enable-libstdcxx-time=yes --with-default-libstdcxx-abi=new --enable-libstdcxx-backtrace --enable-gnu-unique-object --disable-vtable-verify --enable-plugin --enable-default-pie --with-system-zlib --enable-libphobos-checking=release --with-target-system-zlib=auto --enable-objc-gc=auto --enable-multiarch --disable-werror --enable-cet --with-arch-32=i686 --with-abi=m64 --with-multilib-list=m32,m64,mx32 --enable-multilib --with-tune=generic --enable-offload-targets=nvptx-none=/build/gcc-13-EldibY/gcc-13-13.3.0/debian/tmp-nvptx/usr,amdgcn-amdhsa=/build/gcc-13-EldibY/gcc-13-13.3.0/debian/tmp-gcn/usr --enable-offload-defaulted --without-cuda-driver --enable-checking=release --build=x86_64-linux-gnu --host=x86_64-linux-gnu --target=x86_64-linux-gnu --with-build-config=bootstrap-lto-lean --enable-link-serialization=2
Thread model: posix
Supported LTO compression algorithms: zlib zstd
gcc version 13.3.0 (Ubuntu 13.3.0-6ubuntu2~24.04.1) 
... rest of stderr output deleted ...
configure:4134: $? = 0
configure:4123: gcc -V >&5
gcc: error: unrecognized command-line option '-V'
gcc: fatal error: no input files
compilation terminated.
configure:4134: $? = 1
configure:4123: gcc -qversion >&5
gcc: error: unrecognized command-line option '-qversion'; did you mean '--version'?
gcc: fatal error: no input files
compilation terminated.
configure:4134: $? = 1
configure:4154: checking for C compiler default output file name
configure:4176: gcc -O1 -w -std=gnu89   conftest.c  >&5
configure:4180: $? = 0
configure:4217: result: a.out
configure:4233: checking whether the C compiler works
configure:4242: ./a.out
configure:4246: $? = 0
configure:4261: result: yes
configure:4268: checking whether we are cross compiling
configure:4270: result: no
configure:4273: checking for suffix of executables
configure:4280: gcc -o conftest -O1 -w -std=gnu89   conftest.c  >&5
configure:4284: $? = 0
configure:4306: result: 
configure:4312: checking for suffix of object files
configure:4334: gcc -c -O1 -w -std=gnu89  conftest.c >&5
configure:4338: $? = 0
configure:4359: result: o
configure:4363: checking whether we are using the GNU C compiler
configure:4382: gcc -c -O1 -w -std=gnu89  conftest.c >&5
configure:4382: $? = 0
configure:4391: result: yes
configure:4400: checking whether gcc accepts -g
configure:4420: gcc -c -g  conftest.c >&5
configure:4420: $? = 0
configure:4461: result: yes
configure:4478: checking for gcc option to accept ISO C89
configure:4542: gcc  -c -O1 -w -std=gnu89  conftest.c >&5
configure:4542: $? = 0
configure:4555: result: none needed
configure:4633: checking for g++
configure:4649: found /usr/bin/g++
configure:4660: result: g++
configure:4687: checking for C++ compiler version
configure:4696: g++ --version >&5
g++ (Ubuntu 13.3.0-6ubuntu2~24.04.1) 13.3.0
Copyright (C) 2023 Free Software Foundation, Inc.
This is free software; see the source for copying conditions.  There is NO
warranty; not even for MERCHANTABILITY or FITNESS FOR A PARTICULAR PURPOSE.

configure:4707: $? = 0
configure:4696: g++ -v >&5
Using built-in specs.
COLLECT_GCC=g++
COLLECT_LTO_WRAPPER=/usr/libexec/gcc/x86_64-linux-gnu/13/lto-wrapper
OFFLOAD_TARGET_NAMES=nvptx-none:amdgcn-amdhsa
OFFLOAD_TARGET_DEFAULT=1
Target: x86_64-linux-gnu
Configured with: ../src/configure -v --with-pkgversion='Ubuntu 13.3.0-6ubuntu2~24.04.1' --with-bugurl=file:///usr/share/doc/gcc-13/README.Bugs --enable-languages=c,ada,c++,go,d,fortran,objc,obj-c++,m2 --prefix=/usr --with-gcc-major-version-only --program-suffix=-13 --program-prefix=x86_64-linux-gnu- --enable-shared --enable-linker-build-id --libexecdir=/usr/libexec --without-included-gettext --enable-threads=posix --libdir=/usr/lib --enable-nls --enable-bootstrap --enable-clocale=gnu --enable-libstdcxx-debug --enable-libstdcxx-time=yes --with-default-libstdcxx-abi=new --enable-libstdcxx-backtrace --enable-gnu-unique-object --disable-vtable-verify --enable-plugin --enable-default-pie --with-system-zlib --enable-libphobos-checking=release --with-target-system-zlib=auto --enable-objc-gc=auto --enable-multiarch --disable-werror --enable-cet --with-arch-32=i686 --with-abi=m64 --with-multilib-list=m32,m64,mx32 --enable-multilib --with-tune=generic --enable-offload-targets=nvptx-none=/build/gcc-13-EldibY/gcc-13-13.3.0/debian/tmp-nvptx/usr,amdgcn-amdhsa=/build/gcc-13-EldibY/gcc-13-13.3.0/debian/tmp-gcn/usr --enable-offload-defaulted --without-cuda-driver --enable-checking=release --build=x86_64-linux-gnu --host=x86_64-linux-gnu --target=x86_64-linux-gnu --with-build-config=bootstrap-lto-lean --enable-link-serialization=2
Thread model: posix
Supported LTO compression algorithms: zlib zstd
gcc version 13.3.0 (Ubuntu 13.3.0-6ubuntu2~24.04.1) 
... rest of stderr output deleted ...
configure:4707: $? = 0
configure:4696: g++ -V >&5
g++: error: unrecognized command-line option '-V'
g++: fatal error: no input files
compilation terminated.
configure:4707: $? = 1
configure:4696: g++ -qversion >&5
g++: error: unrecognized command-line option '-qversion'; did you mean '--version'?
g++: fatal error: no input files
compilation terminated.
configure:4707: $? = 1
configure:4711: checking whether we are using the GNU C++ compiler
configure:4730: g++ -c   conftest.cpp >&5
configure:4730: $? = 0
configure:4739: result: yes
configure:4748: checking whether g++ accepts -g
configure:4768: g++ -c -g  conftest.cpp >&5
configure:4768: $? = 0
configure:4809: result: yes
configure:4898: checking for gnatbind
configure:4928: result: no
configure:4990: checking for gnatmake
configure:5020: result: no
configure:5039: checking whether compiler driver understands Ada
configure:5062: result: no
configure:5071: checking how to compare bootstrapped objects
configure:5096: result: cmp --ignore-initial=16 $$f1 $$f2
configure:5112: checking for objdir
configure:5127: result: .libs
configure:5658: checking for version 0.10 (or later revision) of PPL
configure:5675: gcc -c -O1 -w -std=gnu89    conftest.c >&5
conftest.c:10:10: fatal error: ppl_c.h: No such file or directory
   10 | #include "ppl_c.h"
      |          ^~~~~~~~~
compilation terminated.
configure:5675: $? = 1
configure: failed program was:
| /* confdefs.h */
| #define PACKAGE_NAME ""
| #define PACKAGE_TARNAME ""
| #define PACKAGE_VERSION ""
| #define PACKAGE_STRING ""
| #define PACKAGE_BUGREPORT ""
| #define PACKAGE_URL ""
| #define LT_OBJDIR ".libs/"
| /* end confdefs.h.  */
| #include "ppl_c.h"
| int
| main ()
| {
| 
|   #if PPL_VERSION_MAJOR != 0 || PPL_VERSION_MINOR < 10
|   choke me
|   #endif
| 
|   ;
|   return 0;
| }
configure:5679: result: no
configure:6838: checking for default BUILD_CONFIG
configure:6870: result: 
configure:7317: checking for bison
configure:7333: found /usr/bin/bison
configure:7344: result: bison -y
configure:7365: checking for bison
configure:7381: found /usr/bin/bison
configure:7392: result: bison
configure:7412: checking for gm4
configure:7442: result: no
configure:7412: checking for gnum4
configure:7442: result: no
configure:7412: checking for m4
configure:7428: found /usr/bin/m4
configure:7439: result: m4
configure:7459: checking for flex
configure:7475: found /usr/bin/flex
configure:7486: result: flex
configure:7507: checking for flex
configure:7523: found /usr/bin/flex
configure:7534: result: flex
configure:7554: checking for makeinfo
configure:7581: result: true
configure:7615: checking for expect
configure:7631: found /usr/bin/expect
configure:7642: result: expect
configure:7664: checking for runtest
configure:7694: result: no
configure:7809: checking for ar
configure:7825: found /usr/bin/ar
configure:7836: result: ar
configure:7950: checking for as
configure:7966: found /usr/bin/as
configure:7977: result: as
configure:8091: checking for dlltool
configure:8121: result: no
configure:8232: checking for ld
configure:8248: found /usr/bin/ld
configure:8259: result: ld
configure:8373: checking for lipo
configure:8403: result: no
configure:8514: checking for nm
configure:8530: found /usr/bin/nm
configure:8541: result: nm
configure:8655: checking for ranlib
configure:8671: found /usr/bin/ranlib
configure:8682: result: ranlib
configure:8791: checking for strip
configure:8807: found /usr/bin/strip
configure:8818: result: strip
configure:8927: checking for windres
configure:8957: result: no
configure:9068: checking for windmc
configure:9098: result: no
configure:9209: checking for objcopy
configure:9225: found /usr/bin/objcopy
configure:9236: result: objcopy
configure:9350: checking for objdump
configure:9366: found /usr/bin/objdump
configure:9377: result: objdump
configure:9491: checking for tic54x-coff-cc
configure:9521: result: no
configure:9491: checking for tic54x-coff-gcc
configure:9521: result: no
configure:9652: checking for tic54x-coff-c++
configure:9682: result: no
configure:9652: checking for tic54x-coff-g++
configure:9682: result: no
configure:9652: checking for tic54x-coff-cxx
configure:9682: result: no
configure:9652: checking for tic54x-coff-gxx
configure:9682: result: no
configure:9813: checking for tic54x-coff-gcc
configure:9843: result: no
configure:9969: checking for tic54x-coff-gcj
configure:9999: result: no
configure:10130: checking for tic54x-coff-gfortran
configure:10160: result: no
configure:10371: checking for tic54x-coff-ar
configure:10401: result: no
configure:10601: checking for tic54x-coff-as
configure:10631: result: no
configure:10831: checking for tic54x-coff-dlltool
configure:10861: result: no
configure:11061: checking for tic54x-coff-ld
configure:11091: result: no
configure:11291: checking for tic54x-coff-lipo
configure:11321: result: no
configure:11521: checking for tic54x-coff-nm
configure:11551: result: no
configure:11751: checking for tic54x-coff-objdump
configure:11781: result: no
configure:11981: checking for tic54x-coff-ranlib
configure:12011: result: no
configure:12211: checking for tic54x-coff-strip
configure:12241: result: no
configure:12441: checking for tic54x-coff-windres
configure:12471: result: no
configure:12671: checking for tic54x-coff-windmc
configure:12701: result: no
configure:12768: checking where to find the target ar
configure:12791: result: just compiled
configure:12810: checking where to find the target as
configure:12847: result: pre-installed
configure:12852: checking where to find the target cc
configure:12889: result: pre-installed
configure:12894: checking where to find the target c++
configure:12934: result: pre-installed
configure:12939: checking where to find the target c++ for libstdc++
configure:12979: result: pre-installed
configure:12984: checking where to find the target dlltool
configure:13007: result: just compiled
configure:13026: checking where to find the target gcc
configure:13063: result: pre-installed
configure:13068: checking where to find the target gcj
configure:13108: result: pre-installed
configure:13113: checking where to find the target gfortran
configure:13153: result: pre-installed
configure:13158: checking where to find the target ld
configure:13195: result: pre-installed
configure:13200: checking where to find the target lipo
configure:13226: result: pre-installed
configure:13231: checking where to find the target nm
configure:13254: result: just compiled
configure:13273: checking where to find the target objdump
configure:13296: result: just compiled
configure:13315: checking where to find the target ranlib
configure:13338: result: just compiled
configure:13357: checking where to find the target strip
configure:13380: result: just compiled
configure:13399: checking where to find the target windres
configure:13422: result: just compiled
configure:13441: checking where to find the target windmc
configure:13464: result: just compiled
configure:13511: checking whether to enable maintainer-specific portions of Makefiles
configure:13520: result: no
configure:13553: checking whether -fkeep-inline-functions is supported
configure:13572: gcc -c -O1 -w -std=gnu89 -fkeep-inline-functions  conftest.c >&5
configure:13572: $? = 0
configure:13573: result: yes
configure:13762: creating ./config.status

## ---------------------- ##
## Running config.status. ##
## ---------------------- ##

This file was extended by config.status, which was
generated by GNU Autoconf 2.64.  Invocation command line was

  CONFIG_FILES    = 
  CONFIG_HEADERS  = 
  CONFIG_LINKS    = 
  CONFIG_COMMANDS = 
  $ ./config.status 

on legion

config.status:920: creating Makefile

## ---------------- ##
## Cache variables. ##
## ---------------- ##

ac_cv_build=x86_64-unknown-linux-gnu
ac_cv_c_compiler_gnu=yes
ac_cv_cxx_compiler_gnu=yes
ac_cv_env_AR_FOR_TARGET_set=
ac_cv_env_AR_FOR_TARGET_value=
ac_cv_env_AR_set=
ac_cv_env_AR_value=
ac_cv_env_AS_FOR_TARGET_set=
ac_cv_env_AS_FOR_TARGET_value=
ac_cv_env_AS_set=
ac_cv_env_AS_value=
ac_cv_env_CCC_set=
ac_cv_env_CCC_value=
ac_cv_env_CC_FOR_TARGET_set=
ac_cv_env_CC_FOR_TARGET_value=
ac_cv_env_CC_set=
ac_cv_env_CC_value=
ac_cv_env_CFLAGS_set=set
ac_cv_env_CFLAGS_value='-O1 -w -std=gnu89'
ac_cv_env_CPPFLAGS_set=
ac_cv_env_CPPFLAGS_value=
ac_cv_env_CXXFLAGS_set=
ac_cv_env_CXXFLAGS_value=
ac_cv_env_CXX_FOR_TARGET_set=
ac_cv_env_CXX_FOR_TARGET_value=
ac_cv_env_CXX_set=
ac_cv_env_CXX_value=
ac_cv_env_DLLTOOL_FOR_TARGET_set=
ac_cv_env_DLLTOOL_FOR_TARGET_value=
ac_cv_env_DLLTOOL_set=
ac_cv_env_DLLTOOL_value=
ac_cv_env_GCC_FOR_TARGET_set=
ac_cv_env_GCC_FOR_TARGET_value=
ac_cv_env_GCJ_FOR_TARGET_set=
ac_cv_env_GCJ_FOR_TARGET_value=
ac_cv_env_GFORTRAN_FOR_TARGET_set=
ac_cv_env_GFORTRAN_FOR_TARGET_value=
ac_cv_env_LDFLAGS_set=
ac_cv_env_LDFLAGS_value=
ac_cv_env_LD_FOR_TARGET_set=
ac_cv_env_LD_FOR_TARGET_value=
ac_cv_env_LD_set=
ac_cv_env_LD_value=
ac_cv_env_LIBS_set=
ac_cv_env_LIBS_value=
ac_cv_env_LIPO_FOR_TARGET_set=
ac_cv_env_LIPO_FOR_TARGET_value=
ac_cv_env_LIPO_set=
ac_cv_env_LIPO_value=
ac_cv_env_NM_FOR_TARGET_set=
ac_cv_env_NM_FOR_TARGET_value=
ac_cv_env_NM_set=
ac_cv_env_NM_value=
ac_cv_env_OBJCOPY_set=
ac_cv_env_OBJCOPY_value=
ac_cv_env_OBJDUMP_FOR_TARGET_set=
ac_cv_env_OBJDUMP_FOR_TARGET_value=
ac_cv_env_OBJDUMP_set=
ac_cv_env_OBJDUMP_value=
ac_cv_env_RANLIB_FOR_TARGET_set=
ac_cv_env_RANLIB_FOR_TARGET_value=
ac_cv_env_RANLIB_set=
ac_cv_env_RANLIB_value=
ac_cv_env_STRIP_FOR_TARGET_set=
ac_cv_env_STRIP_FOR_TARGET_value=
ac_cv_env_STRIP_set=
ac_cv_env_STRIP_value=
ac_cv_env_WINDMC_FOR_TARGET_set=
ac_cv_env_WINDMC_FOR_TARGET_value=
ac_cv_env_WINDMC_set=
ac_cv_env_WINDMC_value=
ac_cv_env_WINDRES_FOR_TARGET_set=
ac_cv_env_WINDRES_FOR_TARGET_value=
ac_cv_env_WINDRES_set=
ac_cv_env_WINDRES_value=
ac_cv_env_build_alias_set=
ac_cv_env_build_alias_value=
ac_cv_env_build_configargs_set=
ac_cv_env_build_configargs_value=
ac_cv_env_host_alias_set=
ac_cv_env_host_alias_value=
ac_cv_env_host_configargs_set=
ac_cv_env_host_configargs_value=
ac_cv_env_target_alias_set=set
ac_cv_env_target_alias_value=tic54x-coff
ac_cv_env_target_configargs_set=
ac_cv_env_target_configargs_value=
ac_cv_host=x86_64-unknown-linux-gnu
ac_cv_objext=o
ac_cv_path_SED=/usr/bin/sed
ac_cv_path_install='/usr/bin/install -c'
ac_cv_prog_AR=ar
ac_cv_prog_AS=as
ac_cv_prog_AWK=mawk
ac_cv_prog_BISON=bison
ac_cv_prog_EXPECT=expect
ac_cv_prog_FLEX=flex
ac_cv_prog_LD=ld
ac_cv_prog_LEX=flex
ac_cv_prog_M4=m4
ac_cv_prog_MAKEINFO=true
ac_cv_prog_NM=nm
ac_cv_prog_OBJCOPY=objcopy
ac_cv_prog_OBJDUMP=objdump
ac_cv_prog_RANLIB=ranlib
ac_cv_prog_STRIP=strip
ac_cv_prog_YACC='bison -y'
ac_cv_prog_ac_ct_CC=gcc
ac_cv_prog_ac_ct_CXX=g++
ac_cv_prog_cc_c89=
ac_cv_prog_cc_g=yes
ac_cv_prog_cxx_g=yes
ac_cv_target=tic54x-unknown-coff
acx_cv_cc_gcc_supports_ada=no
acx_cv_prog_LN=ln
gcc_cv_prog_cmp_skip='cmp --ignore-initial=16 $$f1 $$f2'
gcc_cv_tool_dirs=
gcc_cv_tool_prefix=/usr/local
lt_cv_objdir=.libs

## ----------------- ##
## Output variables. ##
## ----------------- ##

AR='ar'
AR_FOR_BUILD='$(AR)'
AR_FOR_TARGET='$$r/$(HOST_SUBDIR)/binutils/ar'
AS='as'
AS_FOR_BUILD='$(AS)'
AS_FOR_TARGET='tic54x-coff-as'
AWK='mawk'
BISON='bison'
BUILD_CONFIG=''
CC='gcc'
CC_FOR_BUILD='$(CC)'
CC_FOR_TARGET='tic54x-coff-cc'
CFLAGS='-O1 -w -std=gnu89'
CFLAGS_FOR_BUILD='-O1 -w -std=gnu89'
CFLAGS_FOR_TARGET='-g -O1 -w -std=gnu89'
COMPILER_AS_FOR_TARGET='$(AS_FOR_TARGET)'
COMPILER_LD_FOR_TARGET='$(LD_FOR_TARGET)'
COMPILER_NM_FOR_TARGET='$(NM_FOR_TARGET)'
CONFIGURE_GDB_TK=''
CPPFLAGS=''
CXX='g++'
CXXFLAGS='-g -O2'
CXXFLAGS_FOR_BUILD='-g -O2'
CXXFLAGS_FOR_TARGET='-g -O2'
CXX_FOR_BUILD='$(CXX)'
CXX_FOR_TARGET='tic54x-coff-c++'
DEBUG_PREFIX_CFLAGS_FOR_TARGET=''
DEFS='-DPACKAGE_NAME=\"\" -DPACKAGE_TARNAME=\"\" -DPACKAGE_VERSION=\"\" -DPACKAGE_STRING=\"\" -DPACKAGE_BUGREPORT=\"\" -DPACKAGE_URL=\"\" -DLT_OBJDIR=\".libs/\"'
DLLTOOL='dlltool'
DLLTOOL_FOR_BUILD='$(DLLTOOL)'
DLLTOOL_FOR_TARGET='$$r/$(HOST_SUBDIR)/binutils/dlltool'
ECHO_C=''
ECHO_N='-n'
ECHO_T=''
EXEEXT=''
EXPECT='expect'
FLAGS_FOR_TARGET=''
FLEX='flex'
GCC_FOR_TARGET='tic54x-coff-gcc'
GCC_SHLIB_SUBDIR=''
GCJ_FOR_BUILD='$(GCJ)'
GCJ_FOR_TARGET='tic54x-coff-gcj'
GDB_TK=''
GFORTRAN_FOR_BUILD='$(GFORTRAN)'
GFORTRAN_FOR_TARGET='tic54x-coff-gfortran'
GNATBIND='no'
GNATMAKE='no'
INSTALL_DATA='${INSTALL} -m 644'
INSTALL_GDB_TK=''
INSTALL_PROGRAM='${INSTALL}'
INSTALL_SCRIPT='${INSTALL}'
LD='ld'
LDFLAGS=''
LDFLAGS_FOR_BUILD=''
LD_FOR_BUILD='$(LD)'
LD_FOR_TARGET='tic54x-coff-ld'
LEX='flex'
LIBOBJS=''
LIBS=''
LIPO='lipo'
LIPO_FOR_TARGET='tic54x-coff-lipo'
LN='ln'
LN_S='ln -s'
LTLIBOBJS=''
M4='m4'
MAINT='#'
MAINTAINER_MODE_FALSE=''
MAINTAINER_MODE_TRUE='#'
MAKEINFO='/opt/GSM/c54x_exe/binutils-2.21.1/missing makeinfo'
NM='nm'
NM_FOR_BUILD='$(NM)'
NM_FOR_TARGET='$$r/$(HOST_SUBDIR)/binutils/nm-new'
OBJCOPY='objcopy'
OBJDUMP='objdump'
OBJDUMP_FOR_TARGET='$$r/$(HOST_SUBDIR)/binutils/objdump'
OBJEXT='o'
PACKAGE_BUGREPORT=''
PACKAGE_NAME=''
PACKAGE_STRING=''
PACKAGE_TARNAME=''
PACKAGE_URL=''
PACKAGE_VERSION=''
PATH_SEPARATOR=':'
RANLIB='ranlib'
RANLIB_FOR_BUILD='$(RANLIB)'
RANLIB_FOR_TARGET='$$r/$(HOST_SUBDIR)/binutils/ranlib'
RAW_CXX_FOR_TARGET='tic54x-coff-c++'
RPATH_ENVVAR='LD_LIBRARY_PATH'
RUNTEST='runtest'
SED='/usr/bin/sed'
SHELL='/bin/bash'
STRIP='strip'
STRIP_FOR_TARGET='$$r/$(HOST_SUBDIR)/binutils/strip'
SYSROOT_CFLAGS_FOR_TARGET=''
TOPLEVEL_CONFIGURE_ARGUMENTS='../binutils-2.21.1/configure --target=tic54x-coff --disable-werror --disable-nls --disable-gdb --disable-gas --disable-ld --disable-gold --disable-gprof --disable-sim MAKEINFO=true CFLAGS='\''-O1 -w -std=gnu89'\'''
WINDMC='windmc'
WINDMC_FOR_BUILD='$(WINDMC)'
WINDMC_FOR_TARGET='$$r/$(HOST_SUBDIR)/binutils/windmc'
WINDRES='windres'
WINDRES_FOR_BUILD='$(WINDRES)'
WINDRES_FOR_TARGET='$$r/$(HOST_SUBDIR)/binutils/windres'
YACC='bison -y'
ac_ct_CC='gcc'
ac_ct_CXX='g++'
bindir='${exec_prefix}/bin'
build='x86_64-unknown-linux-gnu'
build_alias=''
build_configargs=' --cache-file=../config.cache '\''--disable-werror'\'' '\''--disable-nls'\'' '\''--disable-gdb'\'' '\''--disable-gas'\'' '\''--disable-ld'\'' '\''--disable-gold'\'' '\''--disable-gprof'\'' '\''--disable-sim'\'' --program-transform-name='\''s&^&tic54x-coff-&'\'' --disable-option-checking'
build_configdirs=' libiberty'
build_cpu='x86_64'
build_libsubdir='build-x86_64-unknown-linux-gnu'
build_noncanonical='x86_64-unknown-linux-gnu'
build_os='linux-gnu'
build_subdir='build-x86_64-unknown-linux-gnu'
build_tooldir='${exec_prefix}/tic54x-coff'
build_vendor='unknown'
clooginc=''
clooglibs=''
compare_exclusions='gcc/cc*-checksum$(objext) | gcc/ada/*tools/*'
config_shell='/bin/bash'
configdirs=' intl libiberty opcodes bfd binutils etc'
datadir='${datarootdir}'
datarootdir='${prefix}/share'
do_compare='cmp --ignore-initial=16 $$f1 $$f2'
docdir='${datarootdir}/doc/${PACKAGE}'
dvidir='${docdir}'
exec_prefix='${prefix}'
extra_host_libiberty_configure_flags=''
extra_mpc_gmp_configure_flags=''
extra_mpc_mpfr_configure_flags=''
extra_mpfr_configure_flags=''
gmpinc=''
gmplibs='-lmpc -lmpfr -lgmp'
host='x86_64-unknown-linux-gnu'
host_alias=''
host_configargs=' --cache-file=./config.cache  --with-system-zlib '\''--disable-werror'\'' '\''--disable-nls'\'' '\''--disable-gdb'\'' '\''--disable-gas'\'' '\''--disable-ld'\'' '\''--disable-gold'\'' '\''--disable-gprof'\'' '\''--disable-sim'\'' --program-transform-name='\''s&^&tic54x-coff-&'\'' --disable-option-checking'
host_cpu='x86_64'
host_noncanonical='x86_64-unknown-linux-gnu'
host_os='linux-gnu'
host_subdir='.'
host_vendor='unknown'
htmldir='${docdir}'
includedir='${prefix}/include'
infodir='${datarootdir}/info'
libdir='${exec_prefix}/lib'
libexecdir='${exec_prefix}/libexec'
localedir='${datarootdir}/locale'
localstatedir='${prefix}/var'
mandir='${datarootdir}/man'
oldincludedir='/usr/include'
pdfdir='${docdir}'
poststage1_ldflags=''
poststage1_libs=''
pplinc=''
ppllibs=''
prefix='/usr/local'
program_transform_name='s&^&tic54x-coff-&'
psdir='${docdir}'
sbindir='${exec_prefix}/sbin'
sharedstatedir='${prefix}/com'
stage1_cflags='-g -fkeep-inline-functions'
stage1_checking='--enable-checking=yes,types'
stage1_languages=',c,'
stage1_ldflags=''
stage1_libs=''
stage2_werror_flag=''
sysconfdir='${prefix}/etc'
target='tic54x-unknown-coff'
target_alias='tic54x-coff'
target_configargs='--cache-file=./config.cache --enable-multilib --with-cross-host=x86_64-unknown-linux-gnu  '\''--disable-werror'\'' '\''--disable-nls'\'' '\''--disable-gdb'\'' '\''--disable-gas'\'' '\''--disable-ld'\'' '\''--disable-gold'\'' '\''--disable-gprof'\'' '\''--disable-sim'\'' --program-transform-name='\''s&^&tic54x-coff-&'\'' --disable-option-checking'
target_configdirs=''
target_cpu='tic54x'
target_noncanonical='tic54x-coff'
target_os='coff'
target_subdir='tic54x-coff'
target_vendor='unknown'
tooldir='${exec_prefix}/tic54x-coff'

## ------------------- ##
## File substitutions. ##
## ------------------- ##

alphaieee_frag='/dev/null'
host_makefile_frag='/dev/null'
ospace_frag='/dev/null'
serialization_dependencies='serdep.tmp'
target_makefile_frag='/dev/null'

## ----------- ##
## confdefs.h. ##
## ----------- ##

/* confdefs.h */
#define PACKAGE_NAME ""
#define PACKAGE_TARNAME ""
#define PACKAGE_VERSION ""
#define PACKAGE_STRING ""
#define PACKAGE_BUGREPORT ""
#define PACKAGE_URL ""
#define LT_OBJDIR ".libs/"

configure: exit 0
